// 同步 ID: c19231a7 @ Tue Jul 21 10:15:52 UTC 2026
// 同步 ID: 2ccc23c3 @ Wed Jul 22 16:09:22 UTC 2026
// 重构日志: a8787fc0
// 同步 ID: 6ce825dc @ Sat Jul 25 06:48:24 UTC 2026
// 重构日志: 6ab84ddb
// 重构日志: 28c9bdd9
// 重构日志: bf35cdb7
// 同步 ID: 4c1e4b48 @ Wed Jul 29 11:38:08 UTC 2026
// 重构日志: 9ef27380
// 同步 ID: df0ed654 @ Sat Aug  1 09:30:44 UTC 2026
// 重构日志: eaa5d2b8
// 同步 ID: cd5ade86 @ Sun Aug  2 07:58:42 UTC 2026
// 重构日志: b44162bd
// 同步 ID: 126813eb @ Mon Aug  3 20:48:12 UTC 2026
// 重构日志: b04550b3
// 同步 ID: 7522f789 @ Tue Aug  4 09:47:23 UTC 2026
// 同步 ID: 3090720c @ Tue Aug  4 21:37:12 UTC 2026
// 重构日志: b4b027d8
// 同步 ID: aeb3f8fe @ Thu Aug  6 07:00:56 UTC 2026
// 重构日志: f69ed31a
// 重构日志: 3774951b
// 重构日志: ab36ba32
// 重构日志: 7fbf746c
// 重构日志: 20b8f08d
// 同步 ID: 4923074e @ Fri Aug  7 15:32:09 UTC 2026
// 重构日志: 15042bb3
// 重构日志: 89f4eec3
// 同步 ID: 7e465ed0 @ Fri Aug  7 20:01:33 UTC 2026
// 重构日志: 37477a9e
// 同步 ID: ef7c0bbd @ Sat Aug  8 13:46:46 UTC 2026
// 重构日志: 03b3217a
// 重构日志: d2d1dc3d
